[    0.000000] Linux version 7.3.0-rc6-thor_kernel-g47324d3a5b3a-dirty (root@cdomet-d) (gcc (GCC) 15.2.0, GNU ld (GNU Binutils) 2.45) #5 SMP PREEMPT_DYNAMIC Fri Oct  9 18:20:12 CEST 2026
[    0.000000] Command line: BOOT_IMAGE=/vmlinuz-7.3-torvalds root=PARTUUID=cafe2737-03 ro console=ttyS0,115200n8
[    0.000000] x86/CPU: Model not found in latest microcode list
[    0.000000] BIOS-provided physical RAM map:
[    0.000000] BIOS-e820: [mem 0x0000000000000000-0x000000000009fbff]  System RAM
[    0.000000] BIOS-e820: [mem 0x000000000009fc00-0x000000000009ffff]  device reserved
[    0.000000] BIOS-e820: [gap 0x00000000000a0000-0x00000000000effff]
[    0.000000] BIOS-e820: [mem 0x00000000000f0000-0x00000000000fffff]  device reserved
[    0.000000] BIOS-e820: [mem 0x0000000000100000-0x00000000bffdcfff]  System RAM
[    0.000000] BIOS-e820: [mem 0x00000000bffdd000-0x00000000bfffffff]  device reserved
[    0.000000] BIOS-e820: [gap 0x00000000c0000000-0x00000000feffbfff]
[    0.000000] BIOS-e820: [mem 0x00000000feffc000-0x00000000feffffff]  device reserved
[    0.000000] BIOS-e820: [gap 0x00000000ff000000-0x00000000fffbffff]
[    0.000000] BIOS-e820: [mem 0x00000000fffc0000-0x00000000ffffffff]  device reserved
[    0.000000] BIOS-e820: [mem 0x0000000100000000-0x000000023fffffff]  System RAM
[    0.000000] NX (Execute Disable) protection: active
[    0.000000] APIC: Static calls initialized
[    0.000000] DMI: SMBIOS 2.8 present.
[    0.000000] DMI: QEMU Standard PC (i440FX + PIIX, 1996), BIOS 1.15.0-1 04/01/2014
[    0.000000] DMI: Memory slots populated: 1/1
[    0.000000] Hypervisor detected: KVM
[    0.000000] last_pfn = 0xbffdd max_arch_pfn = 0x400000000
[    0.000000] kvm-clock: Using msrs 4b564d01 and 4b564d00
[    0.000001] kvm-clock: using sched offset of 778586546096 cycles
[    0.000003] clocksource: kvm-clock: mask: 0xffffffffffffffff max_cycles: 0x1cd42e4dffb, max_idle_ns: 881590591483 ns
[    0.000007] tsc: Detected 2112.000 MHz processor
[    0.000715] e820: update [mem 0x00000000-0x00000fff] System RAM ==> device reserved
[    0.000722] e820: remove [mem 0x000a0000-0x000fffff] System RAM
[    0.000727] last_pfn = 0x240000 max_arch_pfn = 0x400000000
[    0.000758] MTRR map: 4 entries (3 fixed + 1 variable; max 19), built from 8 variable MTRRs
[    0.000762] x86/PAT: Configuration [0-7]: WB  WC  UC- UC  WB  WP  UC- WT  
[    0.000800] last_pfn = 0xbffdd max_arch_pfn = 0x400000000
[    0.005357] found SMP MP-table at [mem 0x000f5b90-0x000f5b9f]
[    0.005377] Using GB pages for direct mapping
[    0.005651] ACPI: Early table checksum verification disabled
[    0.005655] ACPI: RSDP 0x00000000000F59B0 000014 (v00 BOCHS )
[    0.005663] ACPI: RSDT 0x00000000BFFE2004 000034 (v01 BOCHS  BXPC     00000001 BXPC 00000001)
[    0.005670] ACPI: FACP 0x00000000BFFE1E20 000074 (v01 BOCHS  BXPC     00000001 BXPC 00000001)
[    0.005677] ACPI: DSDT 0x00000000BFFE0040 001DE0 (v01 BOCHS  BXPC     00000001 BXPC 00000001)
[    0.005681] ACPI: FACS 0x00000000BFFE0000 000040
[    0.005685] ACPI: APIC 0x00000000BFFE1E94 000110 (v01 BOCHS  BXPC     00000001 BXPC 00000001)
[    0.005689] ACPI: HPET 0x00000000BFFE1FA4 000038 (v01 BOCHS  BXPC     00000001 BXPC 00000001)
[    0.005692] ACPI: WAET 0x00000000BFFE1FDC 000028 (v01 BOCHS  BXPC     00000001 BXPC 00000001)
[    0.005695] ACPI: Reserving FACP table memory at [mem 0xbffe1e20-0xbffe1e93]
[    0.005696] ACPI: Reserving DSDT table memory at [mem 0xbffe0040-0xbffe1e1f]
[    0.005697] ACPI: Reserving FACS table memory at [mem 0xbffe0000-0xbffe003f]
[    0.005698] ACPI: Reserving APIC table memory at [mem 0xbffe1e94-0xbffe1fa3]
[    0.005699] ACPI: Reserving HPET table memory at [mem 0xbffe1fa4-0xbffe1fdb]
[    0.005700] ACPI: Reserving WAET table memory at [mem 0xbffe1fdc-0xbffe2003]
[    0.005922] No NUMA configuration found
[    0.005923] Faking a node at [mem 0x0000000000000000-0x000000023fffffff]
[    0.005926] NODE_DATA(0) allocated [mem 0x23fffa380-0x23fffdfff]
[    0.124250] KernelAddressSanitizer initialized (generic)
[    0.124473] ACPI: PM-Timer IO Port: 0x608
[    0.124488] ACPI: LAPIC_NMI (acpi_id[0xff] dfl dfl lint[0x1])
[    0.124524] IOAPIC[0]: apic_id 0, version 17, address 0xfec00000, GSI 0-23
[    0.124527] ACPI: INT_SRC_OVR (bus 0 bus_irq 0 global_irq 2 dfl dfl)
[    0.124529] ACPI: INT_SRC_OVR (bus 0 bus_irq 5 global_irq 5 high level)
[    0.124530] ACPI: INT_SRC_OVR (bus 0 bus_irq 9 global_irq 9 high level)
[    0.124531] ACPI: INT_SRC_OVR (bus 0 bus_irq 10 global_irq 10 high level)
[    0.124532] ACPI: INT_SRC_OVR (bus 0 bus_irq 11 global_irq 11 high level)
[    0.124536] ACPI: Using ACPI (MADT) for SMP configuration information
[    0.124537] ACPI: HPET id: 0x8086a201 base: 0xfed00000
[    0.124541] TSC deadline timer available
[    0.124544] CPU topo: Max. logical packages:   1
[    0.124545] CPU topo: Max. logical nodes:      1
[    0.124546] CPU topo: Num. nodes per package:  1
[    0.124547] CPU topo: Max. logical dies:       1
[    0.124548] CPU topo: Max. dies per package:   1
[    0.124550] CPU topo: Max. threads per core:   1
[    0.124551] CPU topo: Num. cores per package:    20
[    0.124552] CPU topo: Num. threads per package:  20
[    0.124552] CPU topo: Allowing 20 present CPUs plus 0 hotplug CPUs
[    0.124575] kvm-guest: APIC: eoi() replaced with kvm_guest_apic_eoi_write()
[    0.124589] kvm-guest: KVM setup pv remote TLB flush
[    0.124592] kvm-guest: setup PV sched yield
[    0.124605] PM: hibernation: Registered nosave memory: [mem 0x00000000-0x00000fff]
[    0.124607] PM: hibernation: Registered nosave memory: [mem 0x0009f000-0x000fffff]
[    0.124608] PM: hibernation: Registered nosave memory: [mem 0xbffdd000-0xffffffff]
[    0.124610] [gap 0xc0000000-0xfeffbfff] available for PCI devices
[    0.124612] Booting paravirtualized kernel on KVM
[    0.124614] clocksource: refined-jiffies: mask: 0xffffffff max_cycles: 0xffffffff, max_idle_ns: 1910969940391419 ns
[    0.135295] Zone ranges:
[    0.135298]   DMA      [mem 0x0000000000001000-0x0000000000ffffff]
[    0.135303]   DMA32    [mem 0x0000000001000000-0x00000000ffffffff]
[    0.135304]   Normal   [mem 0x0000000100000000-0x000000023fffffff]
[    0.135305] Movable zone start for each node
[    0.135306] Early memory node ranges
[    0.135306]   node   0: [mem 0x0000000000001000-0x000000000009efff]
[    0.135307]   node   0: [mem 0x0000000000100000-0x00000000bffdcfff]
[    0.135308]   node   0: [mem 0x0000000100000000-0x000000023fffffff]
[    0.135310] Initmem setup node 0 [mem 0x0000000000001000-0x000000023fffffff]
[    0.135390] On node 0, zone DMA: 1 pages in unavailable ranges
[    0.135457] On node 0, zone DMA: 97 pages in unavailable ranges
[    0.169026] On node 0, zone Normal: 35 pages in unavailable ranges
[    0.169045] setup_percpu: NR_CPUS:64 nr_cpumask_bits:20 nr_cpu_ids:20 nr_node_ids:1
[    0.170222] percpu: Embedded 84 pages/cpu s306256 r8192 d29616 u524288
[    0.170229] pcpu-alloc: s306256 r8192 d29616 u524288 alloc=1*2097152
[    0.170232] pcpu-alloc: [0] 00 01 02 03 [0] 04 05 06 07 
[    0.170237] pcpu-alloc: [0] 08 09 10 11 [0] 12 13 14 15 
[    0.170245] pcpu-alloc: [0] 16 17 18 19 
[    0.170280] Kernel command line: BOOT_IMAGE=/vmlinuz-7.3-torvalds root=PARTUUID=cafe2737-03 ro console=ttyS0,115200n8
[    0.170330] random: crng init done
[    0.170331] printk: log buffer data + meta data: 262144 + 917504 = 1179648 bytes
[    0.170947] Dentry cache hash table entries: 1048576 (order: 11, 8388608 bytes, linear)
[    0.171305] Inode-cache hash table entries: 524288 (order: 10, 4194304 bytes, linear)
[    0.171977] software IO TLB: area num 32.
[    0.194521] Fallback order for Node 0: 0 
[    0.194528] Built 1 zonelists, mobility grouping on.  Total pages: 2097019
[    0.194529] Policy zone: Normal
[    0.194729] mem auto-init: stack:all(zero), heap alloc:off, heap free:off
[    0.194730] stackdepot: allocating hash table via alloc_large_system_hash
[    0.194733] stackdepot hash table entries: 1048576 (order: 12, 16777216 bytes, linear)
[    0.195839] stackdepot: allocating space for 8192 stack pools via memblock
[    0.278108] SLUB: HWalign=64, Order=0-3, MinObjects=0, CPUs=20, Nodes=1
[    0.280278] allocated 16777216 bytes of page_ext
[    0.280987] Dynamic Preempt: full
[    0.283400] Running RCU self tests
[    0.283401] Running RCU synchronous self tests
[    0.283403] rcu: Preemptible hierarchical RCU implementation.
[    0.283403] rcu: 	RCU event tracing is enabled.
[    0.283404] rcu: 	RCU lockdep checking is enabled.
[    0.283404] rcu: 	RCU restricting CPUs from NR_CPUS=64 to nr_cpu_ids=20.
[    0.283406] 	Trampoline variant of Tasks RCU enabled.
[    0.283406] 	Tracing variant of Tasks RCU enabled.
[    0.283407] rcu: RCU calculated value of scheduler-enlistment delay is 100 jiffies.
[    0.283408] rcu: Adjusting geometry for rcu_fanout_leaf=16, nr_cpu_ids=20
[    0.283719] Running RCU synchronous self tests
[    0.283728] RCU Tasks: Setting shift to 5 and lim to 1 rcu_task_cb_adjust=1 rcu_task_cpu_ids=20.
[    0.333973] NR_IRQS: 4352, nr_irqs: 584, preallocated irqs: 16
[    0.334466] rcu: srcu_init: Setting srcu_struct sizes based on contention.
[    0.334474] clocksource: jiffies: mask: 0xffffffff max_cycles: 0xffffffff, max_idle_ns: 1911260446275000 ns
[    0.334632] kfence: initialized - using 2097152 bytes for 255 objects at 0x(____ptrval____)-0x(____ptrval____)
[    0.335694] Console: colour dummy device 80x25
[    0.335772] printk: console [ttyS0] enabled
[    0.387245] Lock dependency validator: Copyright (c) 2006 Red Hat, Inc., Ingo Molnar
[    0.387742] ... MAX_LOCKDEP_SUBCLASSES:  8
[    0.388008] ... MAX_LOCK_DEPTH:          48
[    0.388283] ... MAX_LOCKDEP_KEYS:        8192
[    0.388566] ... CLASSHASH_SIZE:          4096
[    0.388846] ... MAX_LOCKDEP_ENTRIES:     32768
[    0.389133] ... MAX_LOCKDEP_CHAINS:      65536
[    0.389425] ... CHAINHASH_SIZE:          32768
[    0.389712]  memory used by lock dependency info: 6429 kB
[    0.390060]  memory used for stack traces: 16896 kB
[    0.390378]  per task-struct memory footprint: 1920 bytes
[    0.391008] ACPI: Core revision 20260408
[    0.392323] clocksource: hpet: mask: 0xffffffff max_cycles: 0xffffffff, max_idle_ns: 19112604467 ns
[    0.393029] APIC: Switch to symmetric I/O mode setup
[    0.393605] x2apic enabled
[    0.393998] APIC: Switched APIC routing to: physical x2apic
[    0.394394] kvm-guest: APIC: send_IPI_mask() replaced with kvm_send_ipi_mask()
[    0.394860] kvm-guest: APIC: send_IPI_mask_allbutself() replaced with kvm_send_ipi_mask_allbutself()
[    0.395480] kvm-guest: setup PV IPIs
[    0.396763] ..TIMER: vector=0x30 apic1=0 pin1=2 apic2=-1 pin2=-1
[    0.397226] clocksource: tsc-early: mask: 0xffffffffffffffff max_cycles: 0x1e71785e5dd, max_idle_ns: 440795244814 ns
[    0.397999] Calibrating delay loop (skipped) preset value.. 4224.00 BogoMIPS (lpj=2112000)
[    0.398676] x86/cpu: User Mode Instruction Prevention (UMIP) activated
[    0.399092] Last level iTLB entries: 4KB 0, 2MB 0, 4MB 0
[    0.399482] Last level dTLB entries: 4KB 0, 2MB 0, 4MB 0, 1GB 0
[    0.399999] mitigations: Enabled attack vectors: user_kernel, user_user, SMT mitigations: auto
[    0.400622] Speculative Store Bypass: Mitigation: Speculative Store Bypass disabled via prctl
[    0.400993] Spectre V2 : Mitigation: Enhanced / Automatic IBRS
[    0.401414] ITS: Mitigation: Aligned branch/return thunks
[    0.401993] Spectre V1 : Mitigation: usercopy/swapgs barriers and __user pointer sanitization
[    0.402600] Spectre V2 : Spectre v2 / PBRSB-eIBRS: Retire a single CALL on VMEXIT
[    0.402994] Spectre V2 : mitigation: Enabling conditional Indirect Branch Prediction Barrier
[    0.403601] active return thunk: its_return_thunk
[    0.404008] x86/fpu: Supporting XSAVE feature 0x001: 'x87 floating point registers'
[    0.404570] x86/fpu: Supporting XSAVE feature 0x002: 'SSE registers'
[    0.404993] x86/fpu: Supporting XSAVE feature 0x004: 'AVX registers'
[    0.405460] x86/fpu: Supporting XSAVE feature 0x200: 'Protection Keys User registers'
[    0.405993] x86/fpu: xstate_offset[2]:  576, xstate_sizes[2]:  256
[    0.406446] x86/fpu: xstate_offset[9]:  832, xstate_sizes[9]:    8
[    0.406993] x86/fpu: Enabled xstate features 0x207, context size is 840 bytes, using 'compacted' format.
[    0.431857] pid_max: default: 32768 minimum: 301
[    0.434034] SELinux:  Initializing.
[    0.436327] Mount-cache hash table entries: 16384 (order: 5, 131072 bytes, linear)
[    0.436916] Mountpoint-cache hash table entries: 16384 (order: 5, 131072 bytes, linear)
[    0.438716] VFS: Finished mounting rootfs on nullfs
[    0.441994] Running RCU synchronous self tests
[    0.442340] Running RCU synchronous self tests
[    0.443076] smpboot: CPU0: Intel(R) Core(TM) i7-14700 (family: 0x6, model: 0xb7, stepping: 0x1)
[    0.444920] Performance Events: unsupported CPU family 6 model 183 no PMU driver, software events only.
[    0.445044] signal: max sigframe size: 3632
[    0.445590] rcu: Hierarchical SRCU implementation.
[    0.445591] rcu: 	Max phase no-delay instances is 400.
[    0.445833] Timer migration: 2 hierarchy levels; 8 children per group; 2 crossnode level
[    0.455744] smp: Bringing up secondary CPUs ...
[    0.457318] smpboot: x86: Booting SMP configuration:
[    0.457319] .... node  #0, CPUs:        #1  #2  #3  #4  #5  #6  #7  #8  #9 #10 #11 #12 #13 #14 #15 #16 #17 #18 #19
[    0.478128] smp: Brought up 1 node, 20 CPUs
[    0.478131] smpboot: Total of 20 processors activated (84480.00 BogoMIPS)
[    0.484188] Memory: 6913548K/8388076K available (61136K kernel code, 11283K rwdata, 14620K rodata, 6788K init, 28208K bss, 1435132K reserved, 0K cma-reserved)
[    0.485995] devtmpfs: initialized
[    0.495717] Running RCU synchronous self tests
[    0.495733] Running RCU synchronous self tests
[    0.496139] Running RCU Tasks wait API self tests
[    0.602071] Running RCU Tasks Trace wait API self tests
[    0.604029] Callback from call_rcu_tasks() invoked.
[    0.605131] posixtimers hash table entries: 16384 (order: 9, 1179648 bytes, linear)
[    0.605930] futex hash table entries: 8192 (1048576 bytes on 1 NUMA nodes, total 1024 KiB, linear).
[    0.612406] PM: RTC time: 16:21:15, date: 2026-10-09
[    0.613085] Callback from call_rcu_tasks_trace() invoked.
[    0.617618] NET: Registered PF_NETLINK/PF_ROUTE protocol family
[    0.622474] audit: initializing netlink subsys (disabled)
[    0.622612] audit: type=2000 audit(1791562875.478:1): state=initialized audit_enabled=0 res=1
[    0.625703] thermal_sys: Registered thermal governor 'step_wise'
[    0.625799] cpuidle: using governor menu
[    0.628834] PCI: Using configuration type 1 for base access
[    0.629460] kprobes: kprobe jump-optimization is enabled. All kprobes are optimized if possible.
[    0.630361] HugeTLB: registered 2.00 MiB page size, pre-allocated 0 pages
[    0.630361] HugeTLB: 28 KiB vmemmap can be freed for a 2.00 MiB page
[    0.635078] ACPI: Added _OSI(Module Device)
[    0.635081] ACPI: Added _OSI(Processor Device)
[    0.635083] ACPI: Added _OSI(Processor Aggregator Device)
[    0.690086] ACPI: 1 ACPI AML tables successfully acquired and loaded
[    0.697184] ACPI: \_SB_: platform _OSC: OS support mask [002a7eee]
[    0.704108] ACPI: Interpreter enabled
[    0.704273] ACPI: PM: (supports S0 S3 S4 S5)
[    0.704279] ACPI: Using IOAPIC for interrupt routing
[    0.704412] PCI: Using host bridge windows from ACPI; if necessary, use "pci=nocrs" and report a bug
[    0.704413] PCI: Using E820 reservations for host bridge windows
[    0.707305] ACPI: Enabled 2 GPEs in block 00 to 0F
[    0.820058] ACPI: PCI Root Bridge [PCI0] (domain 0000 [bus 00-ff])
[    0.820310] acpi PNP0A03:00: fail to add MMCONFIG information, can't access extended configuration space under this bridge
[    0.821272] PCI host bridge to bus 0000:00
[    0.821408] pci_bus 0000:00: root bus resource [io  0x0000-0x0cf7 window]
[    0.821417] pci_bus 0000:00: root bus resource [io  0x0d00-0xffff window]
[    0.821426] pci_bus 0000:00: root bus resource [mem 0x000a0000-0x000bffff window]
[    0.821434] pci_bus 0000:00: root bus resource [mem 0xc0000000-0xfebfffff window]
[    0.821442] pci_bus 0000:00: root bus resource [mem 0x240000000-0x2bfffffff window]
[    0.821452] pci_bus 0000:00: root bus resource [bus 00-ff]
[    0.821549] pci 0000:00:00.0: [8086:1237] type 00 class 0x060000 conventional PCI endpoint
[    0.842938] pci 0000:00:01.0: [8086:7000] type 00 class 0x060100 conventional PCI endpoint
[    0.845729] pci 0000:00:01.1: [8086:7010] type 00 class 0x010180 conventional PCI endpoint
[    0.846226] pci 0000:00:01.1: BAR 4 [io  0xc0a0-0xc0af]
[    0.846265] pci 0000:00:01.1: BAR 0 [io  0x01f0-0x01f7]: legacy IDE quirk
[    0.846266] pci 0000:00:01.1: BAR 1 [io  0x03f6]: legacy IDE quirk
[    0.846267] pci 0000:00:01.1: BAR 2 [io  0x0170-0x0177]: legacy IDE quirk
[    0.846269] pci 0000:00:01.1: BAR 3 [io  0x0376]: legacy IDE quirk
[    0.846983] pci 0000:00:01.3: [8086:7113] type 00 class 0x068000 conventional PCI endpoint
[    0.847377] pci 0000:00:01.3: quirk: [io  0x0600-0x063f] claimed by PIIX4 ACPI
[    0.847385] pci 0000:00:01.3: quirk: [io  0x0700-0x070f] claimed by PIIX4 SMB
[    0.848447] pci 0000:00:02.0: [1234:1111] type 00 class 0x030000 conventional PCI endpoint
[    0.849504] pci 0000:00:02.0: BAR 0 [mem 0xfd000000-0xfdffffff pref]
[    0.849542] pci 0000:00:02.0: BAR 2 [mem 0xfeb90000-0xfeb90fff]
[    0.849570] pci 0000:00:02.0: ROM [mem 0xfeb80000-0xfeb8ffff pref]
[    0.849895] pci 0000:00:02.0: Video device with shadowed ROM at [mem 0x000c0000-0x000dffff]
[    0.871901] pci 0000:00:03.0: [1af4:1000] type 00 class 0x020000 conventional PCI endpoint
[    0.872860] pci 0000:00:03.0: BAR 0 [io  0xc080-0xc09f]
[    0.872867] pci 0000:00:03.0: BAR 1 [mem 0xfeb91000-0xfeb91fff]
[    0.872896] pci 0000:00:03.0: BAR 4 [mem 0xfe000000-0xfe003fff 64bit pref]
[    0.872901] pci 0000:00:03.0: ROM [mem 0xfeb00000-0xfeb7ffff pref]
[    0.895190] pci 0000:00:04.0: [1af4:1001] type 00 class 0x010000 conventional PCI endpoint
[    0.896333] pci 0000:00:04.0: BAR 0 [io  0xc000-0xc07f]
[    0.896344] pci 0000:00:04.0: BAR 1 [mem 0xfeb92000-0xfeb92fff]
[    0.896376] pci 0000:00:04.0: BAR 4 [mem 0xfe004000-0xfe007fff 64bit pref]
[    0.933987] ACPI: PCI: Interrupt link LNKA configured for IRQ 10
[    0.936438] ACPI: PCI: Interrupt link LNKB configured for IRQ 10
[    0.939168] ACPI: PCI: Interrupt link LNKC configured for IRQ 11
[    0.941943] ACPI: PCI: Interrupt link LNKD configured for IRQ 11
[    0.942829] ACPI: PCI: Interrupt link LNKS configured for IRQ 9
[    0.975540] iommu: Default domain type: Translated
[    0.975546] iommu: DMA domain TLB invalidation policy: lazy mode
[    0.982835] SCSI subsystem initialized
[    0.983124] libata version 3.00 loaded.
[    0.983484] ACPI: bus type USB registered
[    0.984035] usbcore: registered new interface driver usbfs
[    0.984177] usbcore: registered new interface driver hub
[    0.984355] usbcore: registered new device driver usb
[    0.984591] pps_core: LinuxPPS API ver. 1 registered
[    0.984592] pps_core: Software ver. 5.3.6 - Copyright 2005-2007 Rodolfo Giometti <giometti@linux.it>
[    0.984639] PTP clock support registered
[    0.985914] Advanced Linux Sound Architecture Driver Initialized.
[    0.988449] NetLabel: Initializing
[    0.988452] NetLabel:  domain hash size = 128
[    0.988453] NetLabel:  protocols = UNLABELED CIPSOv4 CALIPSO
[    0.988644] NetLabel:  unlabeled traffic allowed by default
[    0.989212] PCI: Using ACPI for IRQ routing
[    0.989212] PCI: pci_cache_line_size set to 64 bytes
[    0.989242] e820: register RAM buffer resource [mem 0x0009fc00-0x0009ffff]
[    0.989277] e820: register RAM buffer resource [mem 0xbffdd000-0xbfffffff]
[    0.990176] pci 0000:00:02.0: vgaarb: setting as boot VGA device
[    0.990179] pci 0000:00:02.0: vgaarb: bridge control possible
[    0.990180] pci 0000:00:02.0: vgaarb: VGA device added: decodes=io+mem,owns=io+mem,locks=none
[    0.990183] vgaarb: loaded
[    0.990690] hpet0: at MMIO 0xfed00000, IRQs 2, 8, 0
[    0.990695] hpet0: 3 comparators, 64-bit 100.000000 MHz counter
[    0.992497] clocksource: Switched to clocksource kvm-clock
[    0.996356] VFS: Disk quotas dquot_6.6.0
[    0.996555] VFS: Dquot-cache hash table entries: 512 (4096 bytes)
[    1.000185] pnp: PnP ACPI init
[    1.001363] pnp 00:02: [dma 2]
[    1.006421] pnp: PnP ACPI: found 5 devices
[    1.031188] clocksource: acpi_pm: mask: 0xffffff max_cycles: 0xffffff, max_idle_ns: 2085701024 ns
[    1.032005] NET: Registered PF_INET protocol family
[    1.032273] IP idents hash table entries: 131072 (order: 8, 1048576 bytes, linear)
[    1.036307] tcp_listen_portaddr_hash hash table entries: 4096 (order: 7, 294912 bytes, linear)
[    1.036358] Table-perturb hash table entries: 65536 (order: 6, 262144 bytes, linear)
[    1.036641] TCP established hash table entries: 65536 (order: 7, 524288 bytes, linear)
[    1.037030] TCP bind hash table entries: 65536 (order: 12, 9437184 bytes, vmalloc hugepage)
[    1.039908] TCP: Hash tables configured (established 65536 bind 65536)
[    1.040705] UDP hash table entries: 4096 (order: 8, 1048576 bytes, linear)
[    1.042116] NET: Registered PF_UNIX/PF_LOCAL protocol family
[    1.043974] RPC: Registered named UNIX socket transport module.
[    1.043976] RPC: Registered udp transport module.
[    1.043976] RPC: Registered tcp transport module.
[    1.043977] RPC: Registered tcp-with-tls transport module.
[    1.043978] RPC: Registered tcp NFSv4.1 backchannel transport module.
[    1.044979] pci_bus 0000:00: resource 4 [io  0x0000-0x0cf7 window]
[    1.044983] pci_bus 0000:00: resource 5 [io  0x0d00-0xffff window]
[    1.044984] pci_bus 0000:00: resource 6 [mem 0x000a0000-0x000bffff window]
[    1.044985] pci_bus 0000:00: resource 7 [mem 0xc0000000-0xfebfffff window]
[    1.044987] pci_bus 0000:00: resource 8 [mem 0x240000000-0x2bfffffff window]
[    1.045473] pci 0000:00:01.0: PIIX3: Enabling Passive Release
[    1.045484] pci 0000:00:00.0: Limiting direct PCI/PCI transfers
[    1.045558] PCI: CLS 0 bytes, default 64
[    1.045681] PCI-DMA: Using software bounce buffering for IO (SWIOTLB)
[    1.045683] software IO TLB: mapped [mem 0x00000000bbfdd000-0x00000000bffdd000] (64MB)
[    1.045891] RAPL PMU: API unit is 2^-32 Joules, 0 fixed counters, 10737418240 ms ovfl timer
[    1.046010] clocksource: tsc: mask: 0xffffffffffffffff max_cycles: 0x1e71785e5dd, max_idle_ns: 440795244814 ns
[    1.097388] Initialise system trusted keyrings
[    1.097992] workingset: timestamp_bits=40 (anon: 35) max_order=21 bucket_order=0 (anon: 0)
[    1.104819] NFS: Registering the id_resolver key type
[    1.104863] Key type id_resolver registered
[    1.104865] Key type id_legacy registered
[    1.104881] nfs4filelayout_init: NFSv4 File Layout Driver Registering...
[    1.104921] nfs4flexfilelayout_init: NFSv4 Flexfile Layout Driver Registering...
[    1.105314] 9p: Installing v9fs 9p2000 file system support
[    1.118031] Key type asymmetric registered
[    1.118046] Asymmetric key parser 'x509' registered
[    1.118434] Block layer SCSI generic (bsg) driver version 0.4 loaded (major 251)
[    1.118650] io scheduler mq-deadline registered
[    1.118654] io scheduler kyber registered
[    1.123369] input: Power Button as /devices/platform/LNXPWRBN:00/input/input0
[    1.123952] ACPI: button: Power Button [PWRF]
[    1.906098] kwatchdog (146) used greatest stack depth: 29592 bytes left
[    3.513374] ACPI: \_SB_.LNKC: Enabled at IRQ 11
[    4.905632] clocksource: Watchdog remote CPU 7 read timed out
[    5.803819] ACPI: \_SB_.LNKD: Enabled at IRQ 10
[    5.805531] Serial: 8250/16550 driver, 4 ports, IRQ sharing enabled
[    5.808163] 00:04: ttyS0 I/O:0x3f8 (irq = 4, base_baud = 115200) is a 16550A
[    5.816280] Non-volatile memory driver v1.3
[    5.816951] ACPI: bus type drm_connector registered
[    5.875550] loop: module loaded
[    5.875856] virtio_blk virtio1: 20/0/0 default/read/poll queues
[    5.888599] virtio_blk virtio1: [vda] 62914560 512-byte logical blocks (32.2 GB/30.0 GiB)
[    5.903979]  vda: vda1 vda2 vda3
[    5.915218] scsi host0: ata_piix
[    5.917813] scsi host1: ata_piix
[    5.919104] ata1: PATA max MWDMA2 cmd 0x1f0 ctl 0x3f6 bmdma 0xc0a0 irq 14 lpm-pol 0
[    5.919106] ata2: PATA max MWDMA2 cmd 0x170 ctl 0x376 bmdma 0xc0a8 irq 15 lpm-pol 0
[    5.928623] e100: Intel(R) PRO/100 Network Driver
[    5.928626] e100: Copyright(c) 1999-2006 Intel Corporation
[    5.928763] e1000: Intel(R) PRO/1000 Network Driver
[    5.928765] e1000: Copyright (c) 1999-2006 Intel Corporation.
[    5.928949] e1000e: Intel(R) PRO/1000 Network Driver
[    5.928951] e1000e: Copyright(c) 1999 - 2015 Intel Corporation.
[    5.929090] sky2: driver version 1.30
[    5.932840] usbcore: registered new interface driver usblp
[    5.932970] usbcore: registered new interface driver usb-storage
[    5.933235] i8042: PNP: PS/2 Controller [PNP0303:KBD,PNP0f13:MOU] at 0x60,0x64 irq 1,12
[    5.935041] serio: i8042 KBD port at 0x60,0x64 irq 1
[    5.935615] serio: i8042 AUX port at 0x60,0x64 irq 12
[    5.937386] rtc_cmos PNP0B00:00: RTC can wake from S4
[    5.939226] input: AT Translated Set 2 keyboard as /devices/platform/i8042/serio0/input/input1
[    5.941902] rtc_cmos PNP0B00:00: registered as rtc0
[    5.942501] rtc_cmos PNP0B00:00: alarms up to one day, y3k, 242 bytes nvram, hpet irqs
[    5.945015] device-mapper: ioctl: 4.50.0-ioctl (2025-04-28) initialised: dm-devel@lists.linux.dev
[    5.945170] intel_pstate: HWP-disabled hybrid CPU is not supported
[    5.948939] simple-framebuffer simple-framebuffer.0: [drm] Registered 1 planes with drm panic
[    5.948999] [drm] Initialized simpledrm 1.0.0 for simple-framebuffer.0 on minor 0
[    5.955259] Console: switching to colour frame buffer device 128x48
[    5.957002] simple-framebuffer simple-framebuffer.0: [drm] fb0: simpledrmdrmfb frame buffer device
[    5.957211] hid: raw HID events driver (C) Jiri Kosina
[    5.960437] usbcore: registered new interface driver usbhid
[    5.960439] usbhid: USB HID core driver
[    5.964305] nf_conntrack_irc: The irc conntrack helper is scheduled for removal.
               Please contact the netfilter-devel mailing list if you still need this.
[    5.965358] Initializing XFRM netlink socket
[    5.966252] NET: Registered PF_INET6 protocol family
[    5.970780] Segment Routing with IPv6
[    5.970882] In-situ OAM (IOAM) with IPv6
[    5.971167] sit: IPv6, IPv4 and MPLS over IPv4 tunneling driver
[    5.972737] NET: Registered PF_PACKET protocol family
[    5.973102] 9pnet: Installing 9P2000 support
[    5.973255] Key type dns_resolver registered
[    5.985084] IPI shorthand broadcast: enabled
[    6.052327] sched_clock: Marking stable (5992001649, 59518005)->(6065390445, -13870791)
[    6.056017] registered taskstats version 1
[    6.056036] Loading compiled-in X.509 certificates
[    6.073871] ata2: found unknown device (class 0)
[    6.074868] ata2.00: ATAPI: QEMU DVD-ROM, 2.5+, max UDMA/100
[    6.077492] scsi 1:0:0:0: CD-ROM            QEMU     QEMU DVD-ROM     2.5+ PQ: 0 ANSI: 5
[    6.101387] sr 1:0:0:0: [sr0] scsi3-mmc drive: 4x/4x cd/rw xa/form2 tray
[    6.118883] cdrom: Uniform CD-ROM driver Revision: 3.20
[    6.136429] sr 1:0:0:0: Attached scsi CD-ROM sr0
[    6.137336] sr 1:0:0:0: Attached scsi generic sg0 type 5
[    6.138532] Demotion targets for Node 0: null
[    6.138751] kmemleak: Kernel memory leak detector initialized (mem pool available: 12477)
[    6.138761] kmemleak: Automatic memory scanning thread started
[    6.139216] PM:   Magic number: 14:221:388
[    6.139242] thermal cooling_device3: hash matches
[    6.139464] netconsole: network logging started
[    6.140077] cfg80211: Loading compiled-in X.509 certificates for regulatory database
[    6.141183] kworker/u81:2 (178) used greatest stack depth: 27752 bytes left
[    6.142720] Loaded X.509 cert 'sforshee: 00b28ddf47aef9cea7'
[    6.143145] Loaded X.509 cert 'wens: 61c038651aabdcf94bd0ac7ff06c7248db18c600'
[    6.143564] faux_driver regulatory: Direct firmware load for regulatory.db failed with error -2
[    6.143590] cfg80211: failed to load regulatory.db
[    6.143701] ALSA device list:
[    6.143712]   No soundcards found.
[    6.360231] input: ImExPS/2 Generic Explorer Mouse as /devices/platform/i8042/serio1/input/input3
[    6.363214] md: Waiting for all devices to be available before autodetect
[    6.363223] md: If you don't use raid, use raid=noautodetect
[    6.363243] md: Autodetecting RAID arrays.
[    6.363306] md: autorun ...
[    6.363313] md: ... autorun DONE.
[    6.436901] EXT4-fs (vda3): mounted filesystem c54d3aeb-ffc7-4a84-b520-c4756fc7d40f ro with ordered data mode. Quota mode: none.
[    6.437037] VFS: Mounted root (ext4 filesystem) readonly on device 253:3.
[    6.438013] devtmpfs: mounted
[    6.438292] VFS: Pivoted into new rootfs
[    6.441864] Freeing unused kernel image (initmem) memory: 6788K
[    6.441937] Write protecting the kernel read-only data: 77824k
[    6.442710] Freeing unused kernel image (text/rodata gap) memory: 300K
[    6.444380] Freeing unused kernel image (rodata/data gap) memory: 1764K
[    6.455848] x86/mm: Checked W+X mappings: passed, no W+X pages found.
[    6.455880] Run /sbin/init as init process
[    6.455886]   with arguments:
[    6.455888]     /sbin/init
[    6.455889]   with environment:
[    6.455890]     HOME=/
[    6.455891]     TERM=linux
[    6.505155] dmesg (185) used greatest stack depth: 25672 bytes left
[    6.537365] ls (187) used greatest stack depth: 25312 bytes left
[    7.477989] ip (283) used greatest stack depth: 23632 bytes left
[    7.816974] udevd[307]: Starting systemd-udevd version 257.8
[    7.833296] udevd[308]: Using default interface naming scheme 'v257'.
[    8.894228] virtio_net virtio0 ens3: renamed from eth0
[    9.960795] Adding 2097148k swap on /dev/vda2.  Priority:1 extents:1 across:2097148k 
[   10.097980] EXT4-fs (vda3): re-mounted c54d3aeb-ffc7-4a84-b520-c4756fc7d40f.
[   10.308404] EXT4-fs (vda3): re-mounted c54d3aeb-ffc7-4a84-b520-c4756fc7d40f r/w.
[   10.427187] EXT4-fs (vda1): mounting ext2 file system using the ext4 subsystem
[   10.429983] EXT4-fs (vda1): mounted filesystem 5e6b410d-5ba8-460d-9930-b9d63d0b72b0 r/w without journal. Quota mode: none.
